[INFO] Scanning for projects...
[INFO] 
[INFO] ------------------------< com.bravo:rewards-ai >------------------------
[INFO] Building Bravo Rewards AI 0.0.1-SNAPSHOT
[INFO]   from pom.xml
[INFO] --------------------------------[ jar ]---------------------------------
[INFO] 
[INFO] >>> spring-boot:3.2.5:run (default-cli) > test-compile @ rewards-ai >>>
[INFO] 
[INFO] --- resources:3.3.1:resources (default-resources) @ rewards-ai ---
[INFO] Copying 2 resources from src\main\resources to target\classes
[INFO] Copying 0 resource from src\main\resources to target\classes
[INFO] 
[INFO] --- compiler:3.11.0:compile (default-compile) @ rewards-ai ---
[INFO] Nothing to compile - all classes are up to date
[INFO] 
[INFO] --- resources:3.3.1:testResources (default-testResources) @ rewards-ai ---
[INFO] skip non existing resourceDirectory C:\Users\User\Desktop\BravoApp\backend-java\src\test\resources
[INFO] 
[INFO] --- compiler:3.11.0:testCompile (default-testCompile) @ rewards-ai ---
[INFO] No sources to compile
[INFO] 
[INFO] <<< spring-boot:3.2.5:run (default-cli) < test-compile @ rewards-ai <<<
[INFO] 
[INFO] 
[INFO] --- spring-boot:3.2.5:run (default-cli) @ rewards-ai ---
[INFO] Attaching agents: []

  .   ____          _            __ _ _
 /\\ / ___'_ __ _ _(_)_ __  __ _ \ \ \ \
( ( )\___ | '_ | '_| | '_ \/ _` | \ \ \ \
 \\/  ___)| |_)| | | | | || (_| |  ) ) ) )
  '  |____| .__|_| |_|_| |_\__, | / / / /
 =========|_|==============|___/=/_/_/_/
 :: Spring Boot ::                (v3.2.5)

2026-05-16T06:47:20.957+04:00  INFO 9812 --- [bravo-rewards-ai] [           main] c.b.rewardsai.BravoRewardsAiApplication  : Starting BravoRewardsAiApplication using Java 25.0.2 with PID 9812 (C:\Users\User\Desktop\BravoApp\backend-java\target\classes started by User in C:\Users\User\Desktop\BravoApp\backend-java)
2026-05-16T06:47:20.959+04:00 DEBUG 9812 --- [bravo-rewards-ai] [           main] c.b.rewardsai.BravoRewardsAiApplication  : Running with Spring Boot v3.2.5, Spring v6.1.6
2026-05-16T06:47:20.959+04:00  INFO 9812 --- [bravo-rewards-ai] [           main] c.b.rewardsai.BravoRewardsAiApplication  : No active profile set, falling back to 1 default profile: "default"
2026-05-16T06:47:21.565+04:00  INFO 9812 --- [bravo-rewards-ai] [           main] .s.d.r.c.RepositoryConfigurationDelegate : Multiple Spring Data modules found, entering strict repository configuration mode
2026-05-16T06:47:21.566+04:00  INFO 9812 --- [bravo-rewards-ai] [           main] .s.d.r.c.RepositoryConfigurationDelegate : Bootstrapping Spring Data JPA repositories in DEFAULT mode.
2026-05-16T06:47:21.691+04:00  INFO 9812 --- [bravo-rewards-ai] [           main] .s.d.r.c.RepositoryConfigurationDelegate : Finished Spring Data repository scanning in 116 ms. Found 4 JPA repository interfaces.
2026-05-16T06:47:21.706+04:00  INFO 9812 --- [bravo-rewards-ai] [           main] .s.d.r.c.RepositoryConfigurationDelegate : Multiple Spring Data modules found, entering strict repository configuration mode
2026-05-16T06:47:21.706+04:00  INFO 9812 --- [bravo-rewards-ai] [           main] .s.d.r.c.RepositoryConfigurationDelegate : Bootstrapping Spring Data Redis repositories in DEFAULT mode.
2026-05-16T06:47:21.718+04:00  INFO 9812 --- [bravo-rewards-ai] [           main] .RepositoryConfigurationExtensionSupport : Spring Data Redis - Could not safely identify store assignment for repository candidate interface com.bravo.rewardsai.repository.CouponRepository; If you want this repository to be a Redis repository, consider annotating your entities with one of these annotations: org.springframework.data.redis.core.RedisHash (preferred), or consider extending one of the following types with your repository: org.springframework.data.keyvalue.repository.KeyValueRepository
2026-05-16T06:47:21.718+04:00  INFO 9812 --- [bravo-rewards-ai] [           main] .RepositoryConfigurationExtensionSupport : Spring Data Redis - Could not safely identify store assignment for repository candidate interface com.bravo.rewardsai.repository.ProductRepository; If you want this repository to be a Redis repository, consider annotating your entities with one of these annotations: org.springframework.data.redis.core.RedisHash (preferred), or consider extending one of the following types with your repository: org.springframework.data.keyvalue.repository.KeyValueRepository
2026-05-16T06:47:21.718+04:00  INFO 9812 --- [bravo-rewards-ai] [           main] .RepositoryConfigurationExtensionSupport : Spring Data Redis - Could not safely identify store assignment for repository candidate interface com.bravo.rewardsai.repository.RewardRepository; If you want this repository to be a Redis repository, consider annotating your entities with one of these annotations: org.springframework.data.redis.core.RedisHash (preferred), or consider extending one of the following types with your repository: org.springframework.data.keyvalue.repository.KeyValueRepository
2026-05-16T06:47:21.719+04:00  INFO 9812 --- [bravo-rewards-ai] [           main] .RepositoryConfigurationExtensionSupport : Spring Data Redis - Could not safely identify store assignment for repository candidate interface com.bravo.rewardsai.repository.UserRepository; If you want this repository to be a Redis repository, consider annotating your entities with one of these annotations: org.springframework.data.redis.core.RedisHash (preferred), or consider extending one of the following types with your repository: org.springframework.data.keyvalue.repository.KeyValueRepository
2026-05-16T06:47:21.719+04:00  INFO 9812 --- [bravo-rewards-ai] [           main] .s.d.r.c.RepositoryConfigurationDelegate : Finished Spring Data repository scanning in 6 ms. Found 0 Redis repository interfaces.
WARNING: A restricted method in java.lang.System has been called
WARNING: java.lang.System::load has been called by org.apache.tomcat.jni.Library in an unnamed module (file:/C:/Users/User/.m2/repository/org/apache/tomcat/embed/tomcat-embed-core/10.1.20/tomcat-embed-core-10.1.20.jar)
WARNING: Use --enable-native-access=ALL-UNNAMED to avoid a warning for callers in this module
WARNING: Restricted methods will be blocked in a future release unless native access is enabled

2026-05-16T06:47:22.268+04:00  INFO 9812 --- [bravo-rewards-ai] [           main] o.s.b.w.embedded.tomcat.TomcatWebServer  : Tomcat initialized with port 8080 (http)
2026-05-16T06:47:22.280+04:00  INFO 9812 --- [bravo-rewards-ai] [           main] o.apache.catalina.core.StandardService   : Starting service [Tomcat]
2026-05-16T06:47:22.280+04:00  INFO 9812 --- [bravo-rewards-ai] [           main] o.apache.catalina.core.StandardEngine    : Starting Servlet engine: [Apache Tomcat/10.1.20]
2026-05-16T06:47:22.344+04:00  INFO 9812 --- [bravo-rewards-ai] [           main] o.a.c.c.C.[Tomcat].[localhost].[/]       : Initializing Spring embedded WebApplicationContext
2026-05-16T06:47:22.345+04:00  INFO 9812 --- [bravo-rewards-ai] [           main] w.s.c.ServletWebServerApplicationContext : Root WebApplicationContext: initialization completed in 1346 ms
2026-05-16T06:47:22.413+04:00  INFO 9812 --- [bravo-rewards-ai] [           main] com.zaxxer.hikari.HikariDataSource       : HikariPool-1 - Starting...
2026-05-16T06:47:22.744+04:00  INFO 9812 --- [bravo-rewards-ai] [           main] com.zaxxer.hikari.pool.HikariPool        : HikariPool-1 - Added connection com.mysql.cj.jdbc.ConnectionImpl@26ca12a2
2026-05-16T06:47:22.746+04:00  INFO 9812 --- [bravo-rewards-ai] [           main] com.zaxxer.hikari.HikariDataSource       : HikariPool-1 - Start completed.
2026-05-16T06:47:22.820+04:00  INFO 9812 --- [bravo-rewards-ai] [           main] o.f.c.internal.license.VersionPrinter    : Flyway Community Edition 9.22.3 by Redgate
2026-05-16T06:47:22.820+04:00  INFO 9812 --- [bravo-rewards-ai] [           main] o.f.c.internal.license.VersionPrinter    : See release notes here: https://rd.gt/416ObMi
2026-05-16T06:47:22.820+04:00  INFO 9812 --- [bravo-rewards-ai] [           main] o.f.c.internal.license.VersionPrinter    : 
2026-05-16T06:47:22.835+04:00  INFO 9812 --- [bravo-rewards-ai] [           main] org.flywaydb.core.FlywayExecutor         : Database: jdbc:mysql://localhost:3306/bravodb (MySQL 8.0)
2026-05-16T06:47:22.872+04:00  INFO 9812 --- [bravo-rewards-ai] [           main] o.f.core.internal.command.DbValidate     : Successfully validated 1 migration (execution time 00:00.017s)
2026-05-16T06:47:22.887+04:00  INFO 9812 --- [bravo-rewards-ai] [           main] o.f.core.internal.command.DbMigrate      : Current version of schema `bravodb`: 1
2026-05-16T06:47:22.892+04:00  INFO 9812 --- [bravo-rewards-ai] [           main] o.f.core.internal.command.DbMigrate      : Schema `bravodb` is up to date. No migration necessary.
2026-05-16T06:47:22.948+04:00  INFO 9812 --- [bravo-rewards-ai] [           main] o.hibernate.jpa.internal.util.LogHelper  : HHH000204: Processing PersistenceUnitInfo [name: default]
2026-05-16T06:47:22.985+04:00  INFO 9812 --- [bravo-rewards-ai] [           main] org.hibernate.Version                    : HHH000412: Hibernate ORM core version 6.4.4.Final
2026-05-16T06:47:23.009+04:00  INFO 9812 --- [bravo-rewards-ai] [           main] o.h.c.internal.RegionFactoryInitiator    : HHH000026: Second-level cache disabled
2026-05-16T06:47:23.174+04:00  INFO 9812 --- [bravo-rewards-ai] [           main] o.s.o.j.p.SpringPersistenceUnitInfo      : No LoadTimeWeaver setup: ignoring JPA class transformer
2026-05-16T06:47:23.227+04:00  WARN 9812 --- [bravo-rewards-ai] [           main] org.hibernate.orm.deprecation            : HHH90000025: MySQLDialect does not need to be specified explicitly using 'hibernate.dialect' (remove the property setting and it will be selected by default)
2026-05-16T06:47:24.177+04:00  INFO 9812 --- [bravo-rewards-ai] [           main] o.h.e.t.j.p.i.JtaPlatformInitiator       : HHH000489: No JTA platform available (set 'hibernate.transaction.jta.platform' to enable JTA platform integration)
2026-05-16T06:47:24.243+04:00  INFO 9812 --- [bravo-rewards-ai] [           main] j.LocalContainerEntityManagerFactoryBean : Initialized JPA EntityManagerFactory for persistence unit 'default'
2026-05-16T06:47:24.521+04:00 DEBUG 9812 --- [bravo-rewards-ai] [           main] c.b.rewardsai.security.AuthTokenFilter   : Filter 'authenticationJwtTokenFilter' configured for use
2026-05-16T06:47:24.735+04:00  WARN 9812 --- [bravo-rewards-ai] [           main] JpaBaseConfiguration$JpaWebConfiguration : spring.jpa.open-in-view is enabled by default. Therefore, database queries may be performed during view rendering. Explicitly configure spring.jpa.open-in-view to disable this warning
2026-05-16T06:47:24.898+04:00 DEBUG 9812 --- [bravo-rewards-ai] [           main] s.w.s.m.m.a.RequestMappingHandlerMapping : 18 mappings in 'requestMappingHandlerMapping'
2026-05-16T06:47:24.994+04:00 DEBUG 9812 --- [bravo-rewards-ai] [           main] o.s.w.s.handler.SimpleUrlHandlerMapping  : Patterns [/webjars/**, /**, /swagger-ui*/*swagger-initializer.js, /swagger-ui*/**] in 'resourceHandlerMapping'
2026-05-16T06:47:25.018+04:00  INFO 9812 --- [bravo-rewards-ai] [           main] o.s.s.web.DefaultSecurityFilterChain     : Will secure any request with [org.springframework.security.web.session.DisableEncodeUrlFilter@30a8ac50, org.springframework.security.web.context.request.async.WebAsyncManagerIntegrationFilter@2f0a29f7, org.springframework.security.web.context.SecurityContextHolderFilter@14941b06, org.springframework.security.web.header.HeaderWriterFilter@74d4f542, org.springframework.web.filter.CorsFilter@79177bc, org.springframework.security.web.authentication.logout.LogoutFilter@22b581a5, com.bravo.rewardsai.security.AuthTokenFilter@eb77241, org.springframework.security.web.savedrequest.RequestCacheAwareFilter@461e479c, org.springframework.security.web.servletapi.SecurityContextHolderAwareRequestFilter@1cdbc986, org.springframework.security.web.authentication.AnonymousAuthenticationFilter@3fe33c59, org.springframework.security.web.session.SessionManagementFilter@25d6ae3, org.springframework.security.web.access.ExceptionTranslationFilter@4b4a3114, org.springframework.security.web.access.intercept.AuthorizationFilter@71cdde0c]
2026-05-16T06:47:25.076+04:00 DEBUG 9812 --- [bravo-rewards-ai] [           main] s.w.s.m.m.a.RequestMappingHandlerAdapter : ControllerAdvice beans: 0 @ModelAttribute, 0 @InitBinder, 1 RequestBodyAdvice, 1 ResponseBodyAdvice
2026-05-16T06:47:25.101+04:00 DEBUG 9812 --- [bravo-rewards-ai] [           main] .m.m.a.ExceptionHandlerExceptionResolver : ControllerAdvice beans: 2 @ExceptionHandler, 1 ResponseBodyAdvice
WARNING: A terminally deprecated method in sun.misc.Unsafe has been called
WARNING: sun.misc.Unsafe::objectFieldOffset has been called by io.netty.util.internal.PlatformDependent0$4 (file:/C:/Users/User/.m2/repository/io/netty/netty-common/4.1.109.Final/netty-common-4.1.109.Final.jar)
WARNING: Please consider reporting this to the maintainers of class io.netty.util.internal.PlatformDependent0$4
WARNING: sun.misc.Unsafe::objectFieldOffset will be removed in a future release
2026-05-16T06:47:25.621+04:00  INFO 9812 --- [bravo-rewards-ai] [           main] o.s.b.w.embedded.tomcat.TomcatWebServer  : Tomcat started on port 8080 (http) with context path ''
2026-05-16T06:47:25.631+04:00  INFO 9812 --- [bravo-rewards-ai] [           main] c.b.rewardsai.BravoRewardsAiApplication  : Started BravoRewardsAiApplication in 5.023 seconds (process running for 5.304)
Hibernate: 
    select
        count(*) 
    from
        users u1_0
Hibernate: 
    select
        count(*) 
    from
        products p1_0
Hibernate: 
    select
        count(*) 
    from
        coupons c1_0
2026-05-16T06:47:36.016+04:00  INFO 9812 --- [bravo-rewards-ai] [nio-8080-exec-1] o.a.c.c.C.[Tomcat].[localhost].[/]       : Initializing Spring DispatcherServlet 'dispatcherServlet'
2026-05-16T06:47:36.017+04:00  INFO 9812 --- [bravo-rewards-ai] [nio-8080-exec-1] o.s.web.servlet.DispatcherServlet        : Initializing Servlet 'dispatcherServlet'
2026-05-16T06:47:36.017+04:00 DEBUG 9812 --- [bravo-rewards-ai] [nio-8080-exec-1] o.s.web.servlet.DispatcherServlet        : Detected StandardServletMultipartResolver
2026-05-16T06:47:36.017+04:00 DEBUG 9812 --- [bravo-rewards-ai] [nio-8080-exec-1] o.s.web.servlet.DispatcherServlet        : Detected AcceptHeaderLocaleResolver
2026-05-16T06:47:36.017+04:00 DEBUG 9812 --- [bravo-rewards-ai] [nio-8080-exec-1] o.s.web.servlet.DispatcherServlet        : Detected FixedThemeResolver
2026-05-16T06:47:36.017+04:00 DEBUG 9812 --- [bravo-rewards-ai] [nio-8080-exec-1] o.s.web.servlet.DispatcherServlet        : Detected org.springframework.web.servlet.view.DefaultRequestToViewNameTranslator@4c43c37d
2026-05-16T06:47:36.018+04:00 DEBUG 9812 --- [bravo-rewards-ai] [nio-8080-exec-1] o.s.web.servlet.DispatcherServlet        : Detected org.springframework.web.servlet.support.SessionFlashMapManager@27f6854b
2026-05-16T06:47:36.018+04:00 DEBUG 9812 --- [bravo-rewards-ai] [nio-8080-exec-1] o.s.web.servlet.DispatcherServlet        : enableLoggingRequestDetails='false': request parameters and headers will be masked to prevent unsafe logging of potentially sensitive data
2026-05-16T06:47:36.018+04:00  INFO 9812 --- [bravo-rewards-ai] [nio-8080-exec-1] o.s.web.servlet.DispatcherServlet        : Completed initialization in 1 ms
2026-05-16T06:47:36.030+04:00 DEBUG 9812 --- [bravo-rewards-ai] [nio-8080-exec-7] o.s.security.web.FilterChainProxy        : Securing GET /api/rewards/coupons
2026-05-16T06:47:36.030+04:00 DEBUG 9812 --- [bravo-rewards-ai] [nio-8080-exec-1] o.s.security.web.FilterChainProxy        : Securing GET /api/products/offers
2026-05-16T06:47:36.034+04:00 DEBUG 9812 --- [bravo-rewards-ai] [nio-8080-exec-7] o.s.s.w.a.AnonymousAuthenticationFilter  : Set SecurityContextHolder to anonymous SecurityContext
2026-05-16T06:47:36.034+04:00 DEBUG 9812 --- [bravo-rewards-ai] [nio-8080-exec-1] o.s.s.w.a.AnonymousAuthenticationFilter  : Set SecurityContextHolder to anonymous SecurityContext
2026-05-16T06:47:36.035+04:00 DEBUG 9812 --- [bravo-rewards-ai] [nio-8080-exec-7] o.s.security.web.FilterChainProxy        : Secured GET /api/rewards/coupons
2026-05-16T06:47:36.035+04:00 DEBUG 9812 --- [bravo-rewards-ai] [nio-8080-exec-1] o.s.security.web.FilterChainProxy        : Secured GET /api/products/offers
2026-05-16T06:47:36.037+04:00 DEBUG 9812 --- [bravo-rewards-ai] [nio-8080-exec-7] o.s.web.servlet.DispatcherServlet        : GET "/api/rewards/coupons", parameters={}
2026-05-16T06:47:36.037+04:00 DEBUG 9812 --- [bravo-rewards-ai] [nio-8080-exec-1] o.s.web.servlet.DispatcherServlet        : GET "/api/products/offers", parameters={}
2026-05-16T06:47:36.038+04:00 DEBUG 9812 --- [bravo-rewards-ai] [nio-8080-exec-7] s.w.s.m.m.a.RequestMappingHandlerMapping : Mapped to com.bravo.rewardsai.controller.RewardsController#getCoupons()
2026-05-16T06:47:36.038+04:00 DEBUG 9812 --- [bravo-rewards-ai] [nio-8080-exec-1] s.w.s.m.m.a.RequestMappingHandlerMapping : Mapped to com.bravo.rewardsai.controller.ProductController#getOffers()
Hibernate: 
    select
        c1_0.id,
        c1_0.coin_cost,
        c1_0.description,
        c1_0.discount_value,
        c1_0.image_url,
        c1_0.title 
    from
        coupons c1_0
Hibernate: 
    select
        p1_0.id,
        p1_0.category,
        p1_0.currency,
        p1_0.description,
        p1_0.emoji,
        p1_0.image_url,
        p1_0.is_personalized_offer,
        p1_0.is_recommended,
        p1_0.label,
        p1_0.name,
        p1_0.price 
    from
        products p1_0 
    where
        p1_0.is_personalized_offer
2026-05-16T06:47:36.104+04:00 DEBUG 9812 --- [bravo-rewards-ai] [nio-8080-exec-1] o.s.w.s.m.m.a.HttpEntityMethodProcessor  : Using 'application/json', given [*/*] and supported [application/json, application/*+json]
2026-05-16T06:47:36.104+04:00 DEBUG 9812 --- [bravo-rewards-ai] [nio-8080-exec-7] o.s.w.s.m.m.a.HttpEntityMethodProcessor  : Using 'application/json', given [*/*] and supported [application/json, application/*+json]
2026-05-16T06:47:36.104+04:00 DEBUG 9812 --- [bravo-rewards-ai] [nio-8080-exec-1] o.s.w.s.m.m.a.HttpEntityMethodProcessor  : Writing [com.bravo.rewardsai.util.ApiResponse@5590c563]
2026-05-16T06:47:36.104+04:00 DEBUG 9812 --- [bravo-rewards-ai] [nio-8080-exec-7] o.s.w.s.m.m.a.HttpEntityMethodProcessor  : Writing [com.bravo.rewardsai.util.ApiResponse@20c77c89]
2026-05-16T06:47:36.119+04:00 DEBUG 9812 --- [bravo-rewards-ai] [nio-8080-exec-1] o.s.web.servlet.DispatcherServlet        : Completed 200 OK
2026-05-16T06:47:36.119+04:00 DEBUG 9812 --- [bravo-rewards-ai] [nio-8080-exec-7] o.s.web.servlet.DispatcherServlet        : Completed 200 OK
2026-05-16T06:55:20.164+04:00 DEBUG 9812 --- [bravo-rewards-ai] [nio-8080-exec-6] o.s.security.web.FilterChainProxy        : Securing DELETE /
2026-05-16T06:55:20.211+04:00 ERROR 9812 --- [bravo-rewards-ai] [nio-8080-exec-6] c.b.rewardsai.security.AuthTokenFilter   : Cannot set user authentication: The verification key's size is 384 bits which is not secure enough for the HS512 algorithm.  The JWT JWA Specification (RFC 7518, Section 3.2) states that keys used with HS512 MUST have a size >= 512 bits (the key size must be greater than or equal to the hash output size).  Consider using the io.jsonwebtoken.security.Keys class's 'secretKeyFor(SignatureAlgorithm.HS512)' method to create a key guaranteed to be secure enough for HS512.  See https://tools.ietf.org/html/rfc7518#section-3.2 for more information.
2026-05-16T06:55:20.211+04:00 DEBUG 9812 --- [bravo-rewards-ai] [nio-8080-exec-6] o.s.s.w.a.AnonymousAuthenticationFilter  : Set SecurityContextHolder to anonymous SecurityContext
2026-05-16T06:55:20.211+04:00 ERROR 9812 --- [bravo-rewards-ai] [nio-8080-exec-6] c.b.r.security.AuthEntryPointJwt         : Unauthorized error: Full authentication is required to access this resource
2026-05-16T06:55:24.501+04:00 DEBUG 9812 --- [bravo-rewards-ai] [nio-8080-exec-8] o.s.security.web.FilterChainProxy        : Securing DELETE /
2026-05-16T06:55:24.506+04:00 ERROR 9812 --- [bravo-rewards-ai] [nio-8080-exec-8] c.b.rewardsai.security.AuthTokenFilter   : Cannot set user authentication: The verification key's size is 384 bits which is not secure enough for the HS512 algorithm.  The JWT JWA Specification (RFC 7518, Section 3.2) states that keys used with HS512 MUST have a size >= 512 bits (the key size must be greater than or equal to the hash output size).  Consider using the io.jsonwebtoken.security.Keys class's 'secretKeyFor(SignatureAlgorithm.HS512)' method to create a key guaranteed to be secure enough for HS512.  See https://tools.ietf.org/html/rfc7518#section-3.2 for more information.
2026-05-16T06:55:24.506+04:00 DEBUG 9812 --- [bravo-rewards-ai] [nio-8080-exec-8] o.s.s.w.a.AnonymousAuthenticationFilter  : Set SecurityContextHolder to anonymous SecurityContext
2026-05-16T06:55:24.506+04:00 ERROR 9812 --- [bravo-rewards-ai] [nio-8080-exec-8] c.b.r.security.AuthEntryPointJwt         : Unauthorized error: Full authentication is required to access this resource
2026-05-16T06:55:25.464+04:00 DEBUG 9812 --- [bravo-rewards-ai] [nio-8080-exec-9] o.s.security.web.FilterChainProxy        : Securing DELETE /
2026-05-16T06:55:25.468+04:00 ERROR 9812 --- [bravo-rewards-ai] [nio-8080-exec-9] c.b.rewardsai.security.AuthTokenFilter   : Cannot set user authentication: The verification key's size is 384 bits which is not secure enough for the HS512 algorithm.  The JWT JWA Specification (RFC 7518, Section 3.2) states that keys used with HS512 MUST have a size >= 512 bits (the key size must be greater than or equal to the hash output size).  Consider using the io.jsonwebtoken.security.Keys class's 'secretKeyFor(SignatureAlgorithm.HS512)' method to create a key guaranteed to be secure enough for HS512.  See https://tools.ietf.org/html/rfc7518#section-3.2 for more information.
2026-05-16T06:55:25.468+04:00 DEBUG 9812 --- [bravo-rewards-ai] [nio-8080-exec-9] o.s.s.w.a.AnonymousAuthenticationFilter  : Set SecurityContextHolder to anonymous SecurityContext
2026-05-16T06:55:25.468+04:00 ERROR 9812 --- [bravo-rewards-ai] [nio-8080-exec-9] c.b.r.security.AuthEntryPointJwt         : Unauthorized error: Full authentication is required to access this resource
[INFO] ------------------------------------------------------------------------
[INFO] BUILD FAILURE
[INFO] ------------------------------------------------------------------------
[INFO] Total time:  18:25 min
[INFO] Finished at: 2026-05-16T07:05:44+04:00
[INFO] ------------------------------------------------------------------------
[ERROR] Failed to execute goal org.springframework.boot:spring-boot-maven-plugin:3.2.5:run (default-cli) on project rewards-ai: Process terminated with exit code: 1 -> [Help 1]
[ERROR] 
[ERROR] To see the full stack trace of the errors, re-run Maven with the -e switch.
[ERROR] Re-run Maven using the -X switch to enable full debug logging.
[ERROR] 
[ERROR] For more information about the errors and possible solutions, please read the following articles:
[ERROR] [Help 1] http://cwiki.apache.org/confluence/display/MAVEN/MojoExecutionException
